Archive member included to satisfy reference by file (symbol)

C:/ST/STM32CubeIDE_1.19.0/STM32CubeIDE/plugins/com.st.stm32cube.ide.mcu.externaltools.gnu-tools-for-stm32.13.3.rel1.win32_1.0.0.202411081344/tools/bin/../lib/gcc/arm-none-eabi/13.3.1/../../../../arm-none-eabi/lib/thumb/v8-m.main+fp/hard\libc_nano.a(libc_a-exit.o)
                              C:/ST/STM32CubeIDE_1.19.0/STM32CubeIDE/plugins/com.st.stm32cube.ide.mcu.externaltools.gnu-tools-for-stm32.13.3.rel1.win32_1.0.0.202411081344/tools/bin/../lib/gcc/arm-none-eabi/13.3.1/../../../../arm-none-eabi/lib/thumb/v8-m.main+fp/hard/crt0.o (exit)
C:/ST/STM32CubeIDE_1.19.0/STM32CubeIDE/plugins/com.st.stm32cube.ide.mcu.externaltools.gnu-tools-for-stm32.13.3.rel1.win32_1.0.0.202411081344/tools/bin/../lib/gcc/arm-none-eabi/13.3.1/../../../../arm-none-eabi/lib/thumb/v8-m.main+fp/hard\libc_nano.a(libc_a-findfp.o)
                              C:/ST/STM32CubeIDE_1.19.0/STM32CubeIDE/plugins/com.st.stm32cube.ide.mcu.externaltools.gnu-tools-for-stm32.13.3.rel1.win32_1.0.0.202411081344/tools/bin/../lib/gcc/arm-none-eabi/13.3.1/../../../../arm-none-eabi/lib/thumb/v8-m.main+fp/hard\libc_nano.a(libc_a-exit.o) (__stdio_exit_handler)
C:/ST/STM32CubeIDE_1.19.0/STM32CubeIDE/plugins/com.st.stm32cube.ide.mcu.externaltools.gnu-tools-for-stm32.13.3.rel1.win32_1.0.0.202411081344/tools/bin/../lib/gcc/arm-none-eabi/13.3.1/../../../../arm-none-eabi/lib/thumb/v8-m.main+fp/hard\libc_nano.a(libc_a-fwalk.o)
                              C:/ST/STM32CubeIDE_1.19.0/STM32CubeIDE/plugins/com.st.stm32cube.ide.mcu.externaltools.gnu-tools-for-stm32.13.3.rel1.win32_1.0.0.202411081344/tools/bin/../lib/gcc/arm-none-eabi/13.3.1/../../../../arm-none-eabi/lib/thumb/v8-m.main+fp/hard\libc_nano.a(libc_a-findfp.o) (_fwalk_sglue)
C:/ST/STM32CubeIDE_1.19.0/STM32CubeIDE/plugins/com.st.stm32cube.ide.mcu.externaltools.gnu-tools-for-stm32.13.3.rel1.win32_1.0.0.202411081344/tools/bin/../lib/gcc/arm-none-eabi/13.3.1/../../../../arm-none-eabi/lib/thumb/v8-m.main+fp/hard\libc_nano.a(libc_a-stdio.o)
                              C:/ST/STM32CubeIDE_1.19.0/STM32CubeIDE/plugins/com.st.stm32cube.ide.mcu.externaltools.gnu-tools-for-stm32.13.3.rel1.win32_1.0.0.202411081344/tools/bin/../lib/gcc/arm-none-eabi/13.3.1/../../../../arm-none-eabi/lib/thumb/v8-m.main+fp/hard\libc_nano.a(libc_a-findfp.o) (__sread)
C:/ST/STM32CubeIDE_1.19.0/STM32CubeIDE/plugins/com.st.stm32cube.ide.mcu.externaltools.gnu-tools-for-stm32.13.3.rel1.win32_1.0.0.202411081344/tools/bin/../lib/gcc/arm-none-eabi/13.3.1/../../../../arm-none-eabi/lib/thumb/v8-m.main+fp/hard\libc_nano.a(libc_a-memset.o)
                              C:/ST/STM32CubeIDE_1.19.0/STM32CubeIDE/plugins/com.st.stm32cube.ide.mcu.externaltools.gnu-tools-for-stm32.13.3.rel1.win32_1.0.0.202411081344/tools/bin/../lib/gcc/arm-none-eabi/13.3.1/../../../../arm-none-eabi/lib/thumb/v8-m.main+fp/hard/crt0.o (memset)
C:/ST/STM32CubeIDE_1.19.0/STM32CubeIDE/plugins/com.st.stm32cube.ide.mcu.externaltools.gnu-tools-for-stm32.13.3.rel1.win32_1.0.0.202411081344/tools/bin/../lib/gcc/arm-none-eabi/13.3.1/../../../../arm-none-eabi/lib/thumb/v8-m.main+fp/hard\libc_nano.a(libc_a-closer.o)
                              C:/ST/STM32CubeIDE_1.19.0/STM32CubeIDE/plugins/com.st.stm32cube.ide.mcu.externaltools.gnu-tools-for-stm32.13.3.rel1.win32_1.0.0.202411081344/tools/bin/../lib/gcc/arm-none-eabi/13.3.1/../../../../arm-none-eabi/lib/thumb/v8-m.main+fp/hard\libc_nano.a(libc_a-stdio.o) (_close_r)
C:/ST/STM32CubeIDE_1.19.0/STM32CubeIDE/plugins/com.st.stm32cube.ide.mcu.externaltools.gnu-tools-for-stm32.13.3.rel1.win32_1.0.0.202411081344/tools/bin/../lib/gcc/arm-none-eabi/13.3.1/../../../../arm-none-eabi/lib/thumb/v8-m.main+fp/hard\libc_nano.a(libc_a-reent.o)
                              C:/ST/STM32CubeIDE_1.19.0/STM32CubeIDE/plugins/com.st.stm32cube.ide.mcu.externaltools.gnu-tools-for-stm32.13.3.rel1.win32_1.0.0.202411081344/tools/bin/../lib/gcc/arm-none-eabi/13.3.1/../../../../arm-none-eabi/lib/thumb/v8-m.main+fp/hard\libc_nano.a(libc_a-closer.o) (errno)
C:/ST/STM32CubeIDE_1.19.0/STM32CubeIDE/plugins/com.st.stm32cube.ide.mcu.externaltools.gnu-tools-for-stm32.13.3.rel1.win32_1.0.0.202411081344/tools/bin/../lib/gcc/arm-none-eabi/13.3.1/../../../../arm-none-eabi/lib/thumb/v8-m.main+fp/hard\libc_nano.a(libc_a-impure.o)
                              C:/ST/STM32CubeIDE_1.19.0/STM32CubeIDE/plugins/com.st.stm32cube.ide.mcu.externaltools.gnu-tools-for-stm32.13.3.rel1.win32_1.0.0.202411081344/tools/bin/../lib/gcc/arm-none-eabi/13.3.1/../../../../arm-none-eabi/lib/thumb/v8-m.main+fp/hard\libc_nano.a(libc_a-reent.o) (_impure_ptr)
C:/ST/STM32CubeIDE_1.19.0/STM32CubeIDE/plugins/com.st.stm32cube.ide.mcu.externaltools.gnu-tools-for-stm32.13.3.rel1.win32_1.0.0.202411081344/tools/bin/../lib/gcc/arm-none-eabi/13.3.1/../../../../arm-none-eabi/lib/thumb/v8-m.main+fp/hard\libc_nano.a(libc_a-lseekr.o)
[...]
Memory Configuration

Name             Origin             Length             Attributes
RAM              0x20000000         0x00040000         xrw
SRAM4            0x28000000         0x00004000         xrw
FLASH            0x08000000         0x00080000         xr
*default*        0x00000000         0xffffffff

Linker script and memory map

LOAD C:/ST/STM32CubeIDE_1.19.0/STM32CubeIDE/plugins/com.st.stm32cube.ide.mcu.externaltools.gnu-tools-for-stm32.13.3.rel1.win32_1.0.0.202411081344/tools/bin/../lib/gcc/arm-none-eabi/13.3.1/thumb/v8-m.main+fp/hard/crti.o
LOAD C:/ST/STM32CubeIDE_1.19.0/STM32CubeIDE/plugins/com.st.stm32cube.ide.mcu.externaltools.gnu-tools-for-stm32.13.3.rel1.win32_1.0.0.202411081344/tools/bin/../lib/gcc/arm-none-eabi/13.3.1/thumb/v8-m.main+fp/hard/crtbegin.o
LOAD C:/ST/STM32CubeIDE_1.19.0/STM32CubeIDE/plugins/com.st.stm32cube.ide.mcu.externaltools.gnu-tools-for-stm32.13.3.rel1.win32_1.0.0.202411081344/tools/bin/../lib/gcc/arm-none-eabi/13.3.1/../../../../arm-none-eabi/lib/thumb/v8-m.main+fp/hard/crt0.o
LOAD ./Core/Src/main.o
LOAD ./Core/Src/stm32u5xx_hal_msp.o
LOAD ./Core/Src/stm32u5xx_it.o
LOAD ./Core/Src/syscalls.o
LOAD ./Core/Src/sysmem.o
LOAD ./Core/Src/system_stm32u5xx.o
LOAD ./Core/Startup/startup_stm32u545retxq.o
LOAD ./Drivers/STM32U5xx_HAL_Driver/Src/stm32u5xx_hal.o
LOAD ./Drivers/STM32U5xx_HAL_Driver/Src/stm32u5xx_hal_cortex.o
LOAD ./Drivers/STM32U5xx_HAL_Driver/Src/stm32u5xx_hal_dma.o
LOAD ./Drivers/STM32U5xx_HAL_Driver/Src/stm32u5xx_hal_dma_ex.o
LOAD ./Drivers/STM32U5xx_HAL_Driver/Src/stm32u5xx_hal_exti.o
LOAD ./Drivers/STM32U5xx_HAL_Driver/Src/stm32u5xx_hal_flash.o
LOAD ./Drivers/STM32U5xx_HAL_Driver/Src/stm32u5xx_hal_flash_ex.o
LOAD ./Drivers/STM32U5xx_HAL_Driver/Src/stm32u5xx_hal_gpio.o
LOAD ./Drivers/STM32U5xx_HAL_Driver/Src/stm32u5xx_hal_gtzc.o
LOAD ./Drivers/STM32U5xx_HAL_Driver/Src/stm32u5xx_hal_i2c.o
LOAD ./Drivers/STM32U5xx_HAL_Driver/Src/stm32u5xx_hal_i2c_ex.o
LOAD ./Drivers/STM32U5xx_HAL_Driver/Src/stm32u5xx_hal_icache.o
LOAD ./Drivers/STM32U5xx_HAL_Driver/Src/stm32u5xx_hal_pwr.o
LOAD ./Drivers/STM32U5xx_HAL_Driver/Src/stm32u5xx_hal_pwr_ex.o
LOAD ./Drivers/STM32U5xx_HAL_Driver/Src/stm32u5xx_hal_rcc.o
LOAD ./Drivers/STM32U5xx_HAL_Driver/Src/stm32u5xx_hal_rcc_ex.o
LOAD ./Drivers/STM32U5xx_HAL_Driver/Src/stm32u5xx_hal_rtc.o
LOAD ./Drivers/STM32U5xx_HAL_Driver/Src/stm32u5xx_hal_rtc_ex.o
START GROUP
LOAD C:/ST/STM32CubeIDE_1.19.0/STM32CubeIDE/plugins/com.st.stm32cube.ide.mcu.externaltools.gnu-tools-for-stm32.13.3.rel1.win32_1.0.0.202411081344/tools/bin/../lib/gcc/arm-none-eabi/13.3.1/../../../../arm-none-eabi/lib/thumb/v8-m.main+fp/hard\libc_nano.a
LOAD C:/ST/STM32CubeIDE_1.19.0/STM32CubeIDE/plugins/com.st.stm32cube.ide.mcu.externaltools.gnu-tools-for-stm32.13.3.rel1.win32_1.0.0.202411081344/tools/bin/../lib/gcc/arm-none-eabi/13.3.1/../../../../arm-none-eabi/lib/thumb/v8-m.main+fp/hard\libm.a
END GROUP
START GROUP
LOAD C:/ST/STM32CubeIDE_1.19.0/STM32CubeIDE/plugins/com.st.stm32cube.ide.mcu.externaltools.gnu-tools-for-stm32.13.3.rel1.win32_1.0.0.202411081344/tools/bin/../lib/gcc/arm-none-eabi/13.3.1/thumb/v8-m.main+fp/hard\libgcc.a
LOAD C:/ST/STM32CubeIDE_1.19.0/STM32CubeIDE/plugins/com.st.stm32cube.ide.mcu.externaltools.gnu-tools-for-stm32.13.3.rel1.win32_1.0.0.202411081344/tools/bin/../lib/gcc/arm-none-eabi/13.3.1/../../../../arm-none-eabi/lib/thumb/v8-m.main+fp/hard\libc_nano.a
END GROUP
START GROUP
LOAD C:/ST/STM32CubeIDE_1.19.0/STM32CubeIDE/plugins/com.st.stm32cube.ide.mcu.externaltools.gnu-tools-for-stm32.13.3.rel1.win32_1.0.0.202411081344/tools/bin/../lib/gcc/arm-none-eabi/13.3.1/thumb/v8-m.main+fp/hard\libgcc.a
LOAD C:/ST/STM32CubeIDE_1.19.0/STM32CubeIDE/plugins/com.st.stm32cube.ide.mcu.externaltools.gnu-tools-for-stm32.13.3.rel1.win32_1.0.0.202411081344/tools/bin/../lib/gcc/arm-none-eabi/13.3.1/../../../../arm-none-eabi/lib/thumb/v8-m.main+fp/hard\libc_nano.a
LOAD C:/ST/STM32CubeIDE_1.19.0/STM32CubeIDE/plugins/com.st.stm32cube.ide.mcu.externaltools.gnu-tools-for-stm32.13.3.rel1.win32_1.0.0.202411081344/tools/bin/../lib/gcc/arm-none-eabi/13.3.1/../../../../arm-none-eabi/lib/thumb/v8-m.main+fp/hard\libnosys.a
END GROUP
START GROUP
LOAD C:/ST/STM32CubeIDE_1.19.0/STM32CubeIDE/plugins/com.st.stm32cube.ide.mcu.externaltools.gnu-tools-for-stm32.13.3.rel1.win32_1.0.0.202411081344/tools/bin/../lib/gcc/arm-none-eabi/13.3.1/thumb/v8-m.main+fp/hard\libgcc.a
LOAD C:/ST/STM32CubeIDE_1.19.0/STM32CubeIDE/plugins/com.st.stm32cube.ide.mcu.externaltools.gnu-tools-for-stm32.13.3.rel1.win32_1.0.0.202411081344/tools/bin/../lib/gcc/arm-none-eabi/13.3.1/../../../../arm-none-eabi/lib/thumb/v8-m.main+fp/hard\libc_nano.a
LOAD C:/ST/STM32CubeIDE_1.19.0/STM32CubeIDE/plugins/com.st.stm32cube.ide.mcu.externaltools.gnu-tools-for-stm32.13.3.rel1.win32_1.0.0.202411081344/tools/bin/../lib/gcc/arm-none-eabi/13.3.1/../../../../arm-none-eabi/lib/thumb/v8-m.main+fp/hard\libnosys.a
END GROUP
LOAD C:/ST/STM32CubeIDE_1.19.0/STM32CubeIDE/plugins/com.st.stm32cube.ide.mcu.externaltools.gnu-tools-for-stm32.13.3.rel1.win32_1.0.0.202411081344/tools/bin/../lib/gcc/arm-none-eabi/13.3.1/thumb/v8-m.main+fp/hard/crtend.o
LOAD C:/ST/STM32CubeIDE_1.19.0/STM32CubeIDE/plugins/com.st.stm32cube.ide.mcu.externaltools.gnu-tools-for-stm32.13.3.rel1.win32_1.0.0.202411081344/tools/bin/../lib/gcc/arm-none-eabi/13.3.1/thumb/v8-m.main+fp/hard/crtn.o
                0x20040000                        _estack = (ORIGIN (RAM) + LENGTH (RAM))
                0x00000200                        _Min_Heap_Size = 0x200
                0x00000400                        _Min_Stack_Size = 0x400

.isr_vector     0x08000000      0x238
 *(.isr_vector)
 .isr_vector    0x08000000      0x238 ./Core/Startup/startup_stm32u545retxq.o
                0x08000000                g_pfnVectors

.text           0x08000238     0x36d8
 *(.text)
 .text          0x08000238       0x40 C:/ST/STM32CubeIDE_1.19.0/STM32CubeIDE/plugins/com.st.stm32cube.ide.mcu.externaltools.gnu-tools-for-stm32.13.3.rel1.win32_1.0.0.202411081344/tools/bin/../lib/gcc/arm-none-eabi/13.3.1/thumb/v8-m.main+fp/hard/crtbegin.o
 *(.text*)
 .text.main     0x08000278       0xdc ./Core/Src/main.o
                0x08000278                main
 .text.SystemClock_Config
                0x08000354       0xcc ./Core/Src/main.o
                0x08000354                SystemClock_Config
 .text.MX_RTC_Init
                0x08000420      0x164 ./Core/Src/main.o
 .text.MX_GPIO_Init
                0x08000584       0x54 ./Core/Src/main.o
 .text.pack16bit
                0x080005d8       0x24 ./Core/Src/main.o
                0x080005d8                pack16bit
 .text.unpack_c1_u16bit
                0x080005fc       0x1a ./Core/Src/main.o
                0x080005fc                unpack_c1_u16bit
 .text.unpack_c0_u16bit
                0x08000616       0x18 ./Core/Src/main.o
                0x08000616                unpack_c0_u16bit
 *fill*         0x0800062e        0x2 
 .text.leap     0x08000630       0x40 ./Core/Src/main.o
                0x08000630                leap
 .text.zeller   0x08000670       0x7c ./Core/Src/main.o
                0x08000670                zeller
 .text.dow      0x080006ec       0x3c ./Core/Src/main.o
                0x080006ec                dow
 .text.RTC_CalendarConfig
                0x08000728       0x68 ./Core/Src/main.o
                0x08000728                RTC_CalendarConfig
 .text.Error_Handler
                0x08000790        0xc ./Core/Src/main.o
                0x08000790                Error_Handler
 .text.HAL_MspInit
                0x0800079c       0x34 ./Core/Src/stm32u5xx_hal_msp.o
                0x0800079c                HAL_MspInit
 .text.HAL_RTC_MspInit
                0x080007d0       0x98 ./Core/Src/stm32u5xx_hal_msp.o
                0x080007d0                HAL_RTC_MspInit
 .text.NMI_Handler
                0x08000868        0x8 ./Core/Src/stm32u5xx_it.o
                0x08000868                NMI_Handler
 .text.HardFault_Handler
                0x08000870        0x8 ./Core/Src/stm32u5xx_it.o
                0x08000870                HardFault_Handler
 .text.MemManage_Handler
                0x08000878        0x8 ./Core/Src/stm32u5xx_it.o
                0x08000878                MemManage_Handler
 .text.BusFault_Handler
                0x08000880        0x8 ./Core/Src/stm32u5xx_it.o
                0x08000880                BusFault_Handler
 .text.UsageFault_Handler
                0x08000888        0x8 ./Core/Src/stm32u5xx_it.o
                0x08000888                UsageFault_Handler
 .text.SVC_Handler
                0x08000890        0xe ./Core/Src/stm32u5xx_it.o
                0x08000890                SVC_Handler
 .text.DebugMon_Handler
                0x0800089e        0xe ./Core/Src/stm32u5xx_it.o
                0x0800089e                DebugMon_Handler
 .text.PendSV_Handler
                0x080008ac        0xe ./Core/Src/stm32u5xx_it.o
                0x080008ac                PendSV_Handler
 .text.SysTick_Handler
                0x080008ba        0xc ./Core/Src/stm32u5xx_it.o
                0x080008ba                SysTick_Handler
 *fill*         0x080008c6        0x2 
 .text.SystemInit
                0x080008c8       0x70 ./Core/Src/system_stm32u5xx.o
                0x080008c8                SystemInit
 .text.Reset_Handler
                0x08000938       0x50 ./Core/Startup/startup_stm32u545retxq.o
                0x08000938                Reset_Handler
 .text.Default_Handler
                0x08000988        0x2 ./Core/Startup/startup_stm32u545retxq.o
                0x08000988                EXTI2_IRQHandler
                0x08000988                TIM8_TRG_COM_IRQHandler
                0x08000988                TIM8_CC_IRQHandler
                0x08000988                EXTI5_IRQHandler
                0x08000988                FLASH_S_IRQHandler
                0x08000988                EXTI13_IRQHandler
                0x08000988                TIM1_CC_IRQHandler
                0x08000988                TSC_IRQHandler
                0x08000988                TAMP_IRQHandler
                0x08000988                TIM6_IRQHandler
                0x08000988                EXTI12_IRQHandler
                0x08000988                CORDIC_IRQHandler
                0x08000988                EXTI3_IRQHandler
                0x08000988                LPTIM4_IRQHandler
                0x08000988                GPDMA1_Channel5_IRQHandler
                0x08000988                EXTI8_IRQHandler
                0x08000988                LPTIM2_IRQHandler
                0x08000988                I2C3_ER_IRQHandler
                0x08000988                PWR_S3WU_IRQHandler
                0x08000988                LPDMA1_Channel3_IRQHandler
                0x08000988                LPTIM3_IRQHandler
                0x08000988                EXTI0_IRQHandler
                0x08000988                I2C2_EV_IRQHandler
                0x08000988                FPU_IRQHandler
                0x08000988                GPDMA1_Channel3_IRQHandler
                0x08000988                GPDMA1_Channel7_IRQHandler
                0x08000988                FDCAN1_IT1_IRQHandler
                0x08000988                RAMCFG_IRQHandler
                0x08000988                GPDMA1_Channel9_IRQHandler
                0x08000988                DCACHE1_IRQHandler
                0x08000988                SPI1_IRQHandler
                0x08000988                OCTOSPI1_IRQHandler
                0x08000988                GPDMA1_Channel2_IRQHandler
                0x08000988                TIM8_UP_IRQHandler
                0x08000988                RCC_S_IRQHandler
                0x08000988                MDF1_FLT1_IRQHandler
                0x08000988                ADC1_IRQHandler
                0x08000988                PKA_IRQHandler
                0x08000988                EXTI15_IRQHandler
                0x08000988                TIM17_IRQHandler
                0x08000988                USART3_IRQHandler
                0x08000988                RTC_IRQHandler
                0x08000988                EXTI9_IRQHandler
                0x08000988                UART5_IRQHandler
                0x08000988                TIM4_IRQHandler
                0x08000988                I2C1_EV_IRQHandler
                0x08000988                GPDMA1_Channel12_IRQHandler
                0x08000988                GPDMA1_Channel1_IRQHandler
                0x08000988                TIM16_IRQHandler
                0x08000988                GPDMA1_Channel15_IRQHandler
                0x08000988                UART4_IRQHandler
                0x08000988                SecureFault_Handler
                0x08000988                TIM3_IRQHandler
                0x08000988                RCC_IRQHandler
                0x08000988                TIM1_TRG_COM_IRQHandler
                0x08000988                Default_Handler
                0x08000988                GPDMA1_Channel8_IRQHandler
                0x08000988                FMAC_IRQHandler
                0x08000988                OTFDEC1_IRQHandler
                0x08000988                GPDMA1_Channel11_IRQHandler
                0x08000988                TIM7_IRQHandler
                0x08000988                SDMMC1_IRQHandler
                0x08000988                SAES_IRQHandler
                0x08000988                TIM5_IRQHandler
                0x08000988                GPDMA1_Channel0_IRQHandler
                0x08000988                TIM15_IRQHandler
                0x08000988                I2C3_EV_IRQHandler
                0x08000988                USB_IRQHandler
                0x08000988                LPDMA1_Channel0_IRQHandler
                0x08000988                PVD_PVM_IRQHandler
                0x08000988                SPI2_IRQHandler
                0x08000988                LPDMA1_Channel1_IRQHandler
                0x08000988                EXTI14_IRQHandler
                0x08000988                EXTI11_IRQHandler
                0x08000988                CRS_IRQHandler
                0x08000988                GPDMA1_Channel14_IRQHandler
                0x08000988                LSECSSD_IRQHandler
                0x08000988                EXTI4_IRQHandler
                0x08000988                RTC_S_IRQHandler
                0x08000988                GPDMA1_Channel13_IRQHandler
                0x08000988                RNG_IRQHandler
                0x08000988                COMP_IRQHandler
                0x08000988                TIM1_UP_IRQHandler
                0x08000988                ADC4_IRQHandler
                0x08000988                WWDG_IRQHandler
                0x08000988                I2C4_EV_IRQHandler
                0x08000988                ADF1_IRQHandler
                0x08000988                IWDG_IRQHandler
                0x08000988                LPUART1_IRQHandler
                0x08000988                MDF1_FLT0_IRQHandler
                0x08000988                FDCAN1_IT0_IRQHandler
                0x08000988                TIM2_IRQHandler
                0x08000988                GPDMA1_Channel4_IRQHandler
                0x08000988                EXTI7_IRQHandler
                0x08000988                TIM1_BRK_IRQHandler
                0x08000988                EXTI1_IRQHandler
                0x08000988                AES_IRQHandler
                0x08000988                DAC1_IRQHandler
                0x08000988                GTZC_IRQHandler
                0x08000988                GPDMA1_Channel6_IRQHandler
                0x08000988                I2C2_ER_IRQHandler
                0x08000988                TIM8_BRK_IRQHandler
                0x08000988                FLASH_IRQHandler
                0x08000988                USART1_IRQHandler
                0x08000988                EXTI10_IRQHandler
                0x08000988                SPI3_IRQHandler
                0x08000988                LPDMA1_Channel2_IRQHandler
                0x08000988                I2C1_ER_IRQHandler
                0x08000988                EXTI6_IRQHandler
                0x08000988                LPTIM1_IRQHandler
                0x08000988                DCMI_PSSI_IRQHandler
                0x08000988                I2C4_ER_IRQHandler
                0x08000988                GPDMA1_Channel10_IRQHandler
                0x08000988                ICACHE_IRQHandler
                0x08000988                SAI1_IRQHandler
                0x08000988                HASH_IRQHandler
 *fill*         0x0800098a        0x2 
 .text.HAL_Init
                0x0800098c       0x60 ./Drivers/STM32U5xx_HAL_Driver/Src/stm32u5xx_hal.o
                0x0800098c                HAL_Init
 .text.HAL_InitTick
                0x080009ec       0xec ./Drivers/STM32U5xx_HAL_Driver/Src/stm32u5xx_hal.o
                0x080009ec                HAL_InitTick
 .text.HAL_IncTick
                0x08000ad8       0x28 ./Drivers/STM32U5xx_HAL_Driver/Src/stm32u5xx_hal.o
                0x08000ad8                HAL_IncTick
 .text.HAL_GetTick
                0x08000b00       0x18 ./Drivers/STM32U5xx_HAL_Driver/Src/stm32u5xx_hal.o
                0x08000b00                HAL_GetTick
 .text.__NVIC_SetPriorityGrouping
                0x08000b18       0x48 ./Drivers/STM32U5xx_HAL_Driver/Src/stm32u5xx_hal_cortex.o
 .text.__NVIC_GetPriorityGrouping
                0x08000b60       0x1c ./Drivers/STM32U5xx_HAL_Driver/Src/stm32u5xx_hal_cortex.o
 .text.__NVIC_EnableIRQ
                0x08000b7c       0x3c ./Drivers/STM32U5xx_HAL_Driver/Src/stm32u5xx_hal_cortex.o
 .text.__NVIC_SetPriority
                0x08000bb8       0x54 ./Drivers/STM32U5xx_HAL_Driver/Src/stm32u5xx_hal_cortex.o
 .text.NVIC_EncodePriority
                0x08000c0c       0x66 ./Drivers/STM32U5xx_HAL_Driver/Src/stm32u5xx_hal_cortex.o
 .text.HAL_NVIC_SetPriorityGrouping
                0x08000c72       0x16 ./Drivers/STM32U5xx_HAL_Driver/Src/stm32u5xx_hal_cortex.o
                0x08000c72                HAL_NVIC_SetPriorityGrouping
 .text.HAL_NVIC_SetPriority
                0x08000c88       0x34 ./Drivers/STM32U5xx_HAL_Driver/Src/stm32u5xx_hal_cortex.o
                0x08000c88                HAL_NVIC_SetPriority
 .text.HAL_NVIC_EnableIRQ
                0x08000cbc       0x1c ./Drivers/STM32U5xx_HAL_Driver/Src/stm32u5xx_hal_cortex.o
                0x08000cbc                HAL_NVIC_EnableIRQ
 .text.HAL_SYSTICK_Config
                0x08000cd8       0x44 ./Drivers/STM32U5xx_HAL_Driver/Src/stm32u5xx_hal_cortex.o
                0x08000cd8                HAL_SYSTICK_Config
 .text.HAL_SYSTICK_CLKSourceConfig
                0x08000d1c       0xb0 ./Drivers/STM32U5xx_HAL_Driver/Src/stm32u5xx_hal_cortex.o
                0x08000d1c                HAL_SYSTICK_CLKSourceConfig
 .text.HAL_SYSTICK_GetCLKSourceConfig
                0x08000dcc       0x74 ./Drivers/STM32U5xx_HAL_Driver/Src/stm32u5xx_hal_cortex.o
                0x08000dcc                HAL_SYSTICK_GetCLKSourceConfig
 .text.HAL_PWR_EnableBkUpAccess
                0x08000e40       0x20 ./Drivers/STM32U5xx_HAL_Driver/Src/stm32u5xx_hal_pwr.o
                0x08000e40                HAL_PWR_EnableBkUpAccess
 .text.HAL_PWREx_ControlVoltageScaling
                0x08000e60       0xfc ./Drivers/STM32U5xx_HAL_Driver/Src/stm32u5xx_hal_pwr_ex.o
                0x08000e60                HAL_PWREx_ControlVoltageScaling
 .text.HAL_PWREx_GetVoltageRange
                0x08000f5c       0x1c ./Drivers/STM32U5xx_HAL_Driver/Src/stm32u5xx_hal_pwr_ex.o
                0x08000f5c                HAL_PWREx_GetVoltageRange
 .text.HAL_RCC_OscConfig
                0x08000f78      0xdb8 ./Drivers/STM32U5xx_HAL_Driver/Src/stm32u5xx_hal_rcc.o
                0x08000f78                HAL_RCC_OscConfig
 .text.HAL_RCC_ClockConfig
                0x08001d30      0x3e4 ./Drivers/STM32U5xx_HAL_Driver/Src/stm32u5xx_hal_rcc.o
                0x08001d30                HAL_RCC_ClockConfig
 .text.HAL_RCC_GetSysClockFreq
                0x08002114      0x20c ./Drivers/STM32U5xx_HAL_Driver/Src/stm32u5xx_hal_rcc.o
                0x08002114                HAL_RCC_GetSysClockFreq
 .text.HAL_RCC_GetHCLKFreq
                0x08002320       0x34 ./Drivers/STM32U5xx_HAL_Driver/Src/stm32u5xx_hal_rcc.o
                0x08002320                HAL_RCC_GetHCLKFreq
 .text.RCC_SetFlashLatencyFromMSIRange
                0x08002354      0x10c ./Drivers/STM32U5xx_HAL_Driver/Src/stm32u5xx_hal_rcc.o
 .text.HAL_RCCEx_PeriphCLKConfig
                0x08002460      0xa7c ./Drivers/STM32U5xx_HAL_Driver/Src/stm32u5xx_hal_rcc_ex.o
                0x08002460                HAL_RCCEx_PeriphCLKConfig
 .text.RCCEx_PLL2_Config
                0x08002edc      0x130 ./Drivers/STM32U5xx_HAL_Driver/Src/stm32u5xx_hal_rcc_ex.o
 .text.RCCEx_PLL3_Config
                0x0800300c      0x130 ./Drivers/STM32U5xx_HAL_Driver/Src/stm32u5xx_hal_rcc_ex.o
 .text.HAL_RTC_Init
                0x0800313c      0x118 ./Drivers/STM32U5xx_HAL_Driver/Src/stm32u5xx_hal_rtc.o
                0x0800313c                HAL_RTC_Init
 .text.HAL_RTC_SetTime
                0x08003254      0x138 ./Drivers/STM32U5xx_HAL_Driver/Src/stm32u5xx_hal_rtc.o
                0x08003254                HAL_RTC_SetTime
 .text.HAL_RTC_GetTime
                0x0800338c       0xe4 ./Drivers/STM32U5xx_HAL_Driver/Src/stm32u5xx_hal_rtc.o
                0x0800338c                HAL_RTC_GetTime
 .text.HAL_RTC_SetDate
                0x08003470      0x10c ./Drivers/STM32U5xx_HAL_Driver/Src/stm32u5xx_hal_rtc.o
                0x08003470                HAL_RTC_SetDate
 .text.HAL_RTC_GetDate
                0x0800357c       0x9c ./Drivers/STM32U5xx_HAL_Driver/Src/stm32u5xx_hal_rtc.o
                0x0800357c                HAL_RTC_GetDate
 .text.HAL_RTC_WaitForSynchro
                0x08003618       0x64 ./Drivers/STM32U5xx_HAL_Driver/Src/stm32u5xx_hal_rtc.o
                0x08003618                HAL_RTC_WaitForSynchro
 .text.RTC_EnterInitMode
                0x0800367c       0x78 ./Drivers/STM32U5xx_HAL_Driver/Src/stm32u5xx_hal_rtc.o
                0x0800367c                RTC_EnterInitMode
 .text.RTC_ExitInitMode
                0x080036f4       0x7c ./Drivers/STM32U5xx_HAL_Driver/Src/stm32u5xx_hal_rtc.o
                0x080036f4                RTC_ExitInitMode
 .text.RTC_ByteToBcd2
                0x08003770       0x40 ./Drivers/STM32U5xx_HAL_Driver/Src/stm32u5xx_hal_rtc.o
                0x08003770                RTC_ByteToBcd2
 .text.RTC_Bcd2ToByte
                0x080037b0       0x38 ./Drivers/STM32U5xx_HAL_Driver/Src/stm32u5xx_hal_rtc.o
                0x080037b0                RTC_Bcd2ToByte
 .text.HAL_RTCEx_BKUPWrite
                0x080037e8       0x30 ./Drivers/STM32U5xx_HAL_Driver/Src/stm32u5xx_hal_rtc_ex.o
                0x080037e8                HAL_RTCEx_BKUPWrite
 .text.HAL_RTCEx_BKUPRead
                0x08003818       0x2c ./Drivers/STM32U5xx_HAL_Driver/Src/stm32u5xx_hal_rtc_ex.o
                0x08003818                HAL_RTCEx_BKUPRead
 .text.HAL_RTCEx_PrivilegeModeSet
                0x08003844       0x5c ./Drivers/STM32U5xx_HAL_Driver/Src/stm32u5xx_hal_rtc_ex.o
                0x08003844                HAL_RTCEx_PrivilegeModeSet
 .text.memset   0x080038a0       0x10 C:/ST/STM32CubeIDE_1.19.0/STM32CubeIDE/plugins/com.st.stm32cube.ide.mcu.externaltools.gnu-tools-for-stm32.13.3.rel1.win32_1.0.0.202411081344/tools/bin/../lib/gcc/arm-none-eabi/13.3.1/../../../../arm-none-eabi/lib/thumb/v8-m.main+fp/hard\libc_nano.a(libc_a-memset.o)
                0x080038a0                memset
 .text.__libc_init_array
                0x080038b0       0x48 C:/ST/STM32CubeIDE_1.19.0/STM32CubeIDE/plugins/com.st.stm32cube.ide.mcu.externaltools.gnu-tools-for-stm32.13.3.rel1.win32_1.0.0.202411081344/tools/bin/../lib/gcc/arm-none-eabi/13.3.1/../../../../arm-none-eabi/lib/thumb/v8-m.main+fp/hard\libc_nano.a(libc_a-init.o)
                0x080038b0                __libc_init_array
 *(.glue_7)
 .glue_7        0x080038f8        0x0 linker stubs
 *(.glue_7t)
 .glue_7t       0x080038f8        0x0 linker stubs
 *(.eh_frame)
 .eh_frame      0x080038f8        0x0 C:/ST/STM32CubeIDE_1.19.0/STM32CubeIDE/plugins/com.st.stm32cube.ide.mcu.externaltools.gnu-tools-for-stm32.13.3.rel1.win32_1.0.0.202411081344/tools/bin/../lib/gcc/arm-none-eabi/13.3.1/thumb/v8-m.main+fp/hard/crtbegin.o
 *(.init)
 .init          0x080038f8        0x4 C:/ST/STM32CubeIDE_1.19.0/STM32CubeIDE/plugins/com.st.stm32cube.ide.mcu.externaltools.gnu-tools-for-stm32.13.3.rel1.win32_1.0.0.202411081344/tools/bin/../lib/gcc/arm-none-eabi/13.3.1/thumb/v8-m.main+fp/hard/crti.o
                0x080038f8                _init
 .init          0x080038fc        0x8 C:/ST/STM32CubeIDE_1.19.0/STM32CubeIDE/plugins/com.st.stm32cube.ide.mcu.externaltools.gnu-tools-for-stm32.13.3.rel1.win32_1.0.0.202411081344/tools/bin/../lib/gcc/arm-none-eabi/13.3.1/thumb/v8-m.main+fp/hard/crtn.o
 *(.fini)
 .fini          0x08003904        0x4 C:/ST/STM32CubeIDE_1.19.0/STM32CubeIDE/plugins/com.st.stm32cube.ide.mcu.externaltools.gnu-tools-for-stm32.13.3.rel1.win32_1.0.0.202411081344/tools/bin/../lib/gcc/arm-none-eabi/13.3.1/thumb/v8-m.main+fp/hard/crti.o
                0x08003904                _fini
 .fini          0x08003908        0x8 C:/ST/STM32CubeIDE_1.19.0/STM32CubeIDE/plugins/com.st.stm32cube.ide.mcu.externaltools.gnu-tools-for-stm32.13.3.rel1.win32_1.0.0.202411081344/tools/bin/../lib/gcc/arm-none-eabi/13.3.1/thumb/v8-m.main+fp/hard/crtn.o
                0x08003910                        _etext = .

.vfp11_veneer   0x08003910        0x0
 .vfp11_veneer  0x08003910        0x0 linker stubs

.v4_bx          0x08003910        0x0
 .v4_bx         0x08003910        0x0 linker stubs

.iplt           0x08003910        0x0
 .iplt          0x08003910        0x0 C:/ST/STM32CubeIDE_1.19.0/STM32CubeIDE/plugins/com.st.stm32cube.ide.mcu.externaltools.gnu-tools-for-stm32.13.3.rel1.win32_1.0.0.202411081344/tools/bin/../lib/gcc/arm-none-eabi/13.3.1/thumb/v8-m.main+fp/hard/crtbegin.o

.rodata         0x08003910       0x50
 *(.rodata)
 *(.rodata*)
 .rodata.AHBPrescTable
                0x08003910       0x10 ./Core/Src/system_stm32u5xx.o
                0x08003910                AHBPrescTable
 .rodata.MSIRangeTable
                0x08003920       0x40 ./Core/Src/system_stm32u5xx.o
                0x08003920                MSIRangeTable

.ARM.extab
 *(.ARM.extab* .gnu.linkonce.armextab.*)

.ARM            0x08003960        0x0
                0x08003960                        __exidx_start = .
 *(.ARM.exidx*)
                0x08003960                        __exidx_end = .

.preinit_array  0x08003960        0x0
                0x08003960                        PROVIDE (__preinit_array_start = .)
 *(.preinit_array*)
                0x08003960                        PROVIDE (__preinit_array_end = .)

.init_array     0x08003960        0x4
                0x08003960                        PROVIDE (__init_array_start = .)
 *(SORT_BY_NAME(.init_array.*))
 *(.init_array*)
 .init_array    0x08003960        0x4 C:/ST/STM32CubeIDE_1.19.0/STM32CubeIDE/plugins/com.st.stm32cube.ide.mcu.externaltools.gnu-tools-for-stm32.13.3.rel1.win32_1.0.0.202411081344/tools/bin/../lib/gcc/arm-none-eabi/13.3.1/thumb/v8-m.main+fp/hard/crtbegin.o
                0x08003964                        PROVIDE (__init_array_end = .)

.fini_array     0x08003964        0x4
                [!provide]                        PROVIDE (__fini_array_start = .)
 *(SORT_BY_NAME(.fini_array.*))
 *(.fini_array*)
 .fini_array    0x08003964        0x4 C:/ST/STM32CubeIDE_1.19.0/STM32CubeIDE/plugins/com.st.stm32cube.ide.mcu.externaltools.gnu-tools-for-stm32.13.3.rel1.win32_1.0.0.202411081344/tools/bin/../lib/gcc/arm-none-eabi/13.3.1/thumb/v8-m.main+fp/hard/crtbegin.o
                [!provide]                        PROVIDE (__fini_array_end = .)
                0x08003968                        _sidata = LOADADDR (.data)

.rel.dyn        0x08003968        0x0
 .rel.iplt      0x08003968        0x0 C:/ST/STM32CubeIDE_1.19.0/STM32CubeIDE/plugins/com.st.stm32cube.ide.mcu.externaltools.gnu-tools-for-stm32.13.3.rel1.win32_1.0.0.202411081344/tools/bin/../lib/gcc/arm-none-eabi/13.3.1/thumb/v8-m.main+fp/hard/crtbegin.o

.data           0x20000000        0x9 load address 0x08003968
                0x20000000                        _sdata = .
 *(.data)
 *(.data*)
 .data.SystemCoreClock
                0x20000000        0x4 ./Core/Src/system_stm32u5xx.o
                0x20000000                SystemCoreClock
 .data.uwTickPrio
                0x20000004        0x4 ./Drivers/STM32U5xx_HAL_Driver/Src/stm32u5xx_hal.o
                0x20000004                uwTickPrio
 .data.uwTickFreq
                0x20000008        0x1 ./Drivers/STM32U5xx_HAL_Driver/Src/stm32u5xx_hal.o
                0x20000008                uwTickFreq
 *(.RamFunc)
 *(.RamFunc*)
                0x20000009                        _edata = .

.igot.plt       0x2000000c        0x0 load address 0x08003971
 .igot.plt      0x2000000c        0x0 C:/ST/STM32CubeIDE_1.19.0/STM32CubeIDE/plugins/com.st.stm32cube.ide.mcu.externaltools.gnu-tools-for-stm32.13.3.rel1.win32_1.0.0.202411081344/tools/bin/../lib/gcc/arm-none-eabi/13.3.1/thumb/v8-m.main+fp/hard/crtbegin.o

.bss            0x2000000c       0x90 load address 0x08003971
                0x2000000c                        _sbss = .
                0x2000000c                        __bss_start__ = _sbss
 *(.bss)
 .bss           0x2000000c       0x1c C:/ST/STM32CubeIDE_1.19.0/STM32CubeIDE/plugins/com.st.stm32cube.ide.mcu.externaltools.gnu-tools-for-stm32.13.3.rel1.win32_1.0.0.202411081344/tools/bin/../lib/gcc/arm-none-eabi/13.3.1/thumb/v8-m.main+fp/hard/crtbegin.o
 *(.bss*)
 .bss.hrtc      0x20000028       0x30 ./Core/Src/main.o
                0x20000028                hrtc
 .bss.tempBBRAMStatus
                0x20000058        0x4 ./Core/Src/main.o
                0x20000058                tempBBRAMStatus
 .bss.RTCDateTimeInitAtStartup
                0x2000005c        0x1 ./Core/Src/main.o
                0x2000005c                RTCDateTimeInitAtStartup
 *fill*         0x2000005d        0x3 
 .bss.sdateget  0x20000060        0x4 ./Core/Src/main.o
                0x20000060                sdateget
 .bss.stimeget  0x20000064       0x14 ./Core/Src/main.o
                0x20000064                stimeget
 .bss.sdateset  0x20000078        0x4 ./Core/Src/main.o
                0x20000078                sdateset
 .bss.stimeset  0x2000007c       0x14 ./Core/Src/main.o
                0x2000007c                stimeset
 .bss.getCurrentDateTime
                0x20000090        0x1 ./Core/Src/main.o
                0x20000090                getCurrentDateTime
 .bss.setCurrentDateTime
                0x20000091        0x1 ./Core/Src/main.o
                0x20000091                setCurrentDateTime
 .bss.OnCountTarget
                0x20000092        0x2 ./Core/Src/main.o
                0x20000092                OnCountTarget
 .bss.OffCountTarget
                0x20000094        0x2 ./Core/Src/main.o
                0x20000094                OffCountTarget
 .bss.getOnOffTarget
                0x20000096        0x1 ./Core/Src/main.o
                0x20000096                getOnOffTarget
 .bss.setOnOffTarget
                0x20000097        0x1 ./Core/Src/main.o
                0x20000097                setOnOffTarget
 .bss.uwTick    0x20000098        0x4 ./Drivers/STM32U5xx_HAL_Driver/Src/stm32u5xx_hal.o
                0x20000098                uwTick
 *(COMMON)
                0x2000009c                        _ebss = .
                0x2000009c                        __bss_end__ = _ebss

._user_heap_stack
                0x2000009c      0x604 load address 0x08003971
                0x200000a0                        . = ALIGN (0x8)
 *fill*         0x2000009c        0x4 
                [!provide]                        PROVIDE (end = .)
                0x200000a0                        PROVIDE (_end = .)
                0x200002a0                        . = (. + _Min_Heap_Size)
 *fill*         0x200000a0      0x200 
                0x200006a0                        . = (. + _Min_Stack_Size)
 *fill*         0x200002a0      0x400 
                0x200006a0                        . = ALIGN (0x8)

/DISCARD/
 libc.a(*)
 libm.a(*)
 libgcc.a(*)

.ARM.attributes
                0x00000000       0x36
 *(.ARM.attributes)
 .ARM.attributes
                0x00000000       0x26 C:/ST/STM32CubeIDE_1.19.0/STM32CubeIDE/plugins/com.st.stm32cube.ide.mcu.externaltools.gnu-tools-for-stm32.13.3.rel1.win32_1.0.0.202411081344/tools/bin/../lib/gcc/arm-none-eabi/13.3.1/thumb/v8-m.main+fp/hard/crti.o
 .ARM.attributes
                0x00000026       0x38 C:/ST/STM32CubeIDE_1.19.0/STM32CubeIDE/plugins/com.st.stm32cube.ide.mcu.externaltools.gnu-tools-for-stm32.13.3.rel1.win32_1.0.0.202411081344/tools/bin/../lib/gcc/arm-none-eabi/13.3.1/thumb/v8-m.main+fp/hard/crtbegin.o
 .ARM.attributes
                0x0000005e       0x3a ./Core/Src/main.o
 .ARM.attributes
                0x00000098       0x3a ./Core/Src/stm32u5xx_hal_msp.o
 .ARM.attributes
                0x000000d2       0x3a ./Core/Src/stm32u5xx_it.o
 .ARM.attributes
                0x0000010c       0x3a ./Core/Src/system_stm32u5xx.o
 .ARM.attributes
                0x00000146       0x24 ./Core/Startup/startup_stm32u545retxq.o
 .ARM.attributes
                0x0000016a       0x3a ./Drivers/STM32U5xx_HAL_Driver/Src/stm32u5xx_hal.o
 .ARM.attributes
                0x000001a4       0x3a ./Drivers/STM32U5xx_HAL_Driver/Src/stm32u5xx_hal_cortex.o
 .ARM.attributes
                0x000001de       0x3a ./Drivers/STM32U5xx_HAL_Driver/Src/stm32u5xx_hal_pwr.o
 .ARM.attributes
                0x00000218       0x3a ./Drivers/STM32U5xx_HAL_Driver/Src/stm32u5xx_hal_pwr_ex.o
 .ARM.attributes
                0x00000252       0x3a ./Drivers/STM32U5xx_HAL_Driver/Src/stm32u5xx_hal_rcc.o
 .ARM.attributes
                0x0000028c       0x3a ./Drivers/STM32U5xx_HAL_Driver/Src/stm32u5xx_hal_rcc_ex.o
 .ARM.attributes
                0x000002c6       0x3a ./Drivers/STM32U5xx_HAL_Driver/Src/stm32u5xx_hal_rtc.o
 .ARM.attributes
                0x00000300       0x3a ./Drivers/STM32U5xx_HAL_Driver/Src/stm32u5xx_hal_rtc_ex.o
 .ARM.attributes
                0x0000033a       0x38 C:/ST/STM32CubeIDE_1.19.0/STM32CubeIDE/plugins/com.st.stm32cube.ide.mcu.externaltools.gnu-tools-for-stm32.13.3.rel1.win32_1.0.0.202411081344/tools/bin/../lib/gcc/arm-none-eabi/13.3.1/../../../../arm-none-eabi/lib/thumb/v8-m.main+fp/hard\libc_nano.a(libc_a-memset.o)
 .ARM.attributes
                0x00000372       0x38 C:/ST/STM32CubeIDE_1.19.0/STM32CubeIDE/plugins/com.st.stm32cube.ide.mcu.externaltools.gnu-tools-for-stm32.13.3.rel1.win32_1.0.0.202411081344/tools/bin/../lib/gcc/arm-none-eabi/13.3.1/../../../../arm-none-eabi/lib/thumb/v8-m.main+fp/hard\libc_nano.a(libc_a-init.o)
 .ARM.attributes
                0x000003aa       0x26 C:/ST/STM32CubeIDE_1.19.0/STM32CubeIDE/plugins/com.st.stm32cube.ide.mcu.externaltools.gnu-tools-for-stm32.13.3.rel1.win32_1.0.0.202411081344/tools/bin/../lib/gcc/arm-none-eabi/13.3.1/thumb/v8-m.main+fp/hard/crtn.o
OUTPUT(U545RTCTest.elf elf32-littlearm)
LOAD linker stubs
LOAD C:/ST/STM32CubeIDE_1.19.0/STM32CubeIDE/plugins/com.st.stm32cube.ide.mcu.externaltools.gnu-tools-for-stm32.13.3.rel1.win32_1.0.0.202411081344/tools/bin/../lib/gcc/arm-none-eabi/13.3.1/../../../../arm-none-eabi/lib/thumb/v8-m.main+fp/hard\libc.a
LOAD C:/ST/STM32CubeIDE_1.19.0/STM32CubeIDE/plugins/com.st.stm32cube.ide.mcu.externaltools.gnu-tools-for-stm32.13.3.rel1.win32_1.0.0.202411081344/tools/bin/../lib/gcc/arm-none-eabi/13.3.1/../../../../arm-none-eabi/lib/thumb/v8-m.main+fp/hard\libm.a
LOAD C:/ST/STM32CubeIDE_1.19.0/STM32CubeIDE/plugins/com.st.stm32cube.ide.mcu.externaltools.gnu-tools-for-stm32.13.3.rel1.win32_1.0.0.202411081344/tools/bin/../lib/gcc/arm-none-eabi/13.3.1/thumb/v8-m.main+fp/hard\libgcc.a

.debug_info     0x00000000     0xb657
 .debug_info    0x00000000     0x123d ./Core/Src/main.o
 .debug_info    0x0000123d      0xaf3 ./Core/Src/stm32u5xx_hal_msp.o
 .debug_info    0x00001d30      0x128 ./Core/Src/stm32u5xx_it.o
 .debug_info    0x00001e58      0x929 ./Core/Src/system_stm32u5xx.o
 .debug_info    0x00002781       0x30 ./Core/Startup/startup_stm32u545retxq.o
 .debug_info    0x000027b1     0x111c ./Drivers/STM32U5xx_HAL_Driver/Src/stm32u5xx_hal.o
 .debug_info    0x000038cd     0x1610 ./Drivers/STM32U5xx_HAL_Driver/Src/stm32u5xx_hal_cortex.o
 .debug_info    0x00004edd      0xa44 ./Drivers/STM32U5xx_HAL_Driver/Src/stm32u5xx_hal_pwr.o
 .debug_info    0x00005921      0xddc ./Drivers/STM32U5xx_HAL_Driver/Src/stm32u5xx_hal_pwr_ex.o
 .debug_info    0x000066fd     0x114d ./Drivers/STM32U5xx_HAL_Driver/Src/stm32u5xx_hal_rcc.o
 .debug_info    0x0000784a     0x1569 ./Drivers/STM32U5xx_HAL_Driver/Src/stm32u5xx_hal_rcc_ex.o
 .debug_info    0x00008db3      0xe18 ./Drivers/STM32U5xx_HAL_Driver/Src/stm32u5xx_hal_rtc.o
 .debug_info    0x00009bcb     0x1a8c ./Drivers/STM32U5xx_HAL_Driver/Src/stm32u5xx_hal_rtc_ex.o

.debug_abbrev   0x00000000     0x19e4
 .debug_abbrev  0x00000000      0x30e ./Core/Src/main.o
 .debug_abbrev  0x0000030e      0x1b7 ./Core/Src/stm32u5xx_hal_msp.o
 .debug_abbrev  0x000004c5       0x73 ./Core/Src/stm32u5xx_it.o
 .debug_abbrev  0x00000538      0x129 ./Core/Src/system_stm32u5xx.o
 .debug_abbrev  0x00000661       0x24 ./Core/Startup/startup_stm32u545retxq.o
 .debug_abbrev  0x00000685      0x2a3 ./Drivers/STM32U5xx_HAL_Driver/Src/stm32u5xx_hal.o
 .debug_abbrev  0x00000928      0x311 ./Drivers/STM32U5xx_HAL_Driver/Src/stm32u5xx_hal_cortex.o
 .debug_abbrev  0x00000c39      0x235 ./Drivers/STM32U5xx_HAL_Driver/Src/stm32u5xx_hal_pwr.o
 .debug_abbrev  0x00000e6e      0x215 ./Drivers/STM32U5xx_HAL_Driver/Src/stm32u5xx_hal_pwr_ex.o
 .debug_abbrev  0x00001083      0x2c9 ./Drivers/STM32U5xx_HAL_Driver/Src/stm32u5xx_hal_rcc.o
 .debug_abbrev  0x0000134c      0x23d ./Drivers/STM32U5xx_HAL_Driver/Src/stm32u5xx_hal_rcc_ex.o
 .debug_abbrev  0x00001589      0x206 ./Drivers/STM32U5xx_HAL_Driver/Src/stm32u5xx_hal_rtc.o
 .debug_abbrev  0x0000178f      0x255 ./Drivers/STM32U5xx_HAL_Driver/Src/stm32u5xx_hal_rtc_ex.o

.debug_aranges  0x00000000      0xbe0
 .debug_aranges
                0x00000000       0x78 ./Core/Src/main.o
 .debug_aranges
                0x00000078       0x30 ./Core/Src/stm32u5xx_hal_msp.o
 .debug_aranges
                0x000000a8       0x60 ./Core/Src/stm32u5xx_it.o
 .debug_aranges
                0x00000108       0x28 ./Core/Src/system_stm32u5xx.o
 .debug_aranges
                0x00000130       0x28 ./Core/Startup/startup_stm32u545retxq.o
 .debug_aranges
                0x00000158      0x148 ./Drivers/STM32U5xx_HAL_Driver/Src/stm32u5xx_hal.o
 .debug_aranges
                0x000002a0      0x140 ./Drivers/STM32U5xx_HAL_Driver/Src/stm32u5xx_hal_cortex.o
 .debug_aranges
                0x000003e0       0xb0 ./Drivers/STM32U5xx_HAL_Driver/Src/stm32u5xx_hal_pwr.o
 .debug_aranges
                0x00000490      0x1e0 ./Drivers/STM32U5xx_HAL_Driver/Src/stm32u5xx_hal_pwr_ex.o
 .debug_aranges
                0x00000670       0xa8 ./Drivers/STM32U5xx_HAL_Driver/Src/stm32u5xx_hal_rcc.o
 .debug_aranges
                0x00000718      0x160 ./Drivers/STM32U5xx_HAL_Driver/Src/stm32u5xx_hal_rcc_ex.o
 .debug_aranges
                0x00000878       0xe8 ./Drivers/STM32U5xx_HAL_Driver/Src/stm32u5xx_hal_rtc.o
 .debug_aranges
                0x00000960      0x280 ./Drivers/STM32U5xx_HAL_Driver/Src/stm32u5xx_hal_rtc_ex.o

.debug_rnglists
                0x00000000      0x8e9
 .debug_rnglists
                0x00000000       0x58 ./Core/Src/main.o
 .debug_rnglists
                0x00000058       0x20 ./Core/Src/stm32u5xx_hal_msp.o
 .debug_rnglists
                0x00000078       0x43 ./Core/Src/stm32u5xx_it.o
 .debug_rnglists
                0x000000bb       0x1a ./Core/Src/system_stm32u5xx.o
 .debug_rnglists
                0x000000d5       0x19 ./Core/Startup/startup_stm32u545retxq.o
 .debug_rnglists
                0x000000ee       0xf3 ./Drivers/STM32U5xx_HAL_Driver/Src/stm32u5xx_hal.o
 .debug_rnglists
                0x000001e1       0xec ./Drivers/STM32U5xx_HAL_Driver/Src/stm32u5xx_hal_cortex.o
 .debug_rnglists
                0x000002cd       0x80 ./Drivers/STM32U5xx_HAL_Driver/Src/stm32u5xx_hal_pwr.o
 .debug_rnglists
                0x0000034d      0x16e ./Drivers/STM32U5xx_HAL_Driver/Src/stm32u5xx_hal_pwr_ex.o
 .debug_rnglists
                0x000004bb       0x7f ./Drivers/STM32U5xx_HAL_Driver/Src/stm32u5xx_hal_rcc.o
 .debug_rnglists
                0x0000053a      0x113 ./Drivers/STM32U5xx_HAL_Driver/Src/stm32u5xx_hal_rcc_ex.o
 .debug_rnglists
                0x0000064d       0xb3 ./Drivers/STM32U5xx_HAL_Driver/Src/stm32u5xx_hal_rtc.o
 .debug_rnglists
                0x00000700      0x1e9 ./Drivers/STM32U5xx_HAL_Driver/Src/stm32u5xx_hal_rtc_ex.o

.debug_macro    0x00000000    0x2c753
 .debug_macro   0x00000000      0x269 ./Core/Src/main.o
 .debug_macro   0x00000269      0xade ./Core/Src/main.o
 .debug_macro   0x00000d47      0x1f5 ./Core/Src/main.o
 .debug_macro   0x00000f3c       0x2e ./Core/Src/main.o
 .debug_macro   0x00000f6a       0x42 ./Core/Src/main.o
 .debug_macro   0x00000fac       0x22 ./Core/Src/main.o
 .debug_macro   0x00000fce       0x8e ./Core/Src/main.o
 .debug_macro   0x0000105c       0x51 ./Core/Src/main.o
 .debug_macro   0x000010ad      0x103 ./Core/Src/main.o
 .debug_macro   0x000011b0       0x6a ./Core/Src/main.o
 .debug_macro   0x0000121a      0x1df ./Core/Src/main.o
 .debug_macro   0x000013f9       0x1c ./Core/Src/main.o
 .debug_macro   0x00001415       0x29 ./Core/Src/main.o
 .debug_macro   0x0000143e       0xfb ./Core/Src/main.o
 .debug_macro   0x00001539     0x1685 ./Core/Src/main.o
 .debug_macro   0x00002bbe       0x5e ./Core/Src/main.o
 .debug_macro   0x00002c1c    0x1e737 ./Core/Src/main.o
 .debug_macro   0x00021353       0x6d ./Core/Src/main.o
 .debug_macro   0x000213c0     0x393e ./Core/Src/main.o
 .debug_macro   0x00024cfe      0x190 ./Core/Src/main.o
 .debug_macro   0x00024e8e       0x61 ./Core/Src/main.o
 .debug_macro   0x00024eef       0x2a ./Core/Src/main.o
 .debug_macro   0x00024f19       0x43 ./Core/Src/main.o
 .debug_macro   0x00024f5c       0x34 ./Core/Src/main.o
 .debug_macro   0x00024f90      0x370 ./Core/Src/main.o
 .debug_macro   0x00025300       0x16 ./Core/Src/main.o
 .debug_macro   0x00025316       0x4a ./Core/Src/main.o
 .debug_macro   0x00025360       0x34 ./Core/Src/main.o
 .debug_macro   0x00025394       0x10 ./Core/Src/main.o
 .debug_macro   0x000253a4       0x58 ./Core/Src/main.o
 .debug_macro   0x000253fc       0x8e ./Core/Src/main.o
 .debug_macro   0x0002548a       0x1c ./Core/Src/main.o
 .debug_macro   0x000254a6      0x185 ./Core/Src/main.o
 .debug_macro   0x0002562b      0x19b ./Core/Src/main.o
 .debug_macro   0x000257c6       0x5d ./Core/Src/main.o
 .debug_macro   0x00025823     0x1933 ./Core/Src/main.o
 .debug_macro   0x00027156      0x796 ./Core/Src/main.o
 .debug_macro   0x000278ec      0x166 ./Core/Src/main.o
 .debug_macro   0x00027a52      0x250 ./Core/Src/main.o
 .debug_macro   0x00027ca2      0x574 ./Core/Src/main.o
 .debug_macro   0x00028216      0x440 ./Core/Src/main.o
 .debug_macro   0x00028656       0xd6 ./Core/Src/main.o
 .debug_macro   0x0002872c      0x1cd ./Core/Src/main.o
 .debug_macro   0x000288f9      0x42b ./Core/Src/main.o
 .debug_macro   0x00028d24       0x95 ./Core/Src/main.o
 .debug_macro   0x00028db9      0x11c ./Core/Src/main.o
 .debug_macro   0x00028ed5      0x525 ./Core/Src/main.o
 .debug_macro   0x000293fa      0x448 ./Core/Src/main.o
 .debug_macro   0x00029842      0x328 ./Core/Src/main.o
 .debug_macro   0x00029b6a      0x916 ./Core/Src/main.o
 .debug_macro   0x0002a480       0xe4 ./Core/Src/main.o
 .debug_macro   0x0002a564      0x1b8 ./Core/Src/main.o
 .debug_macro   0x0002a71c      0x361 ./Core/Src/main.o
 .debug_macro   0x0002aa7d      0x269 ./Core/Src/stm32u5xx_hal_msp.o
 .debug_macro   0x0002ace6      0x273 ./Core/Src/stm32u5xx_it.o
 .debug_macro   0x0002af59      0x266 ./Core/Src/system_stm32u5xx.o
 .debug_macro   0x0002b1bf      0x283 ./Drivers/STM32U5xx_HAL_Driver/Src/stm32u5xx_hal.o
 .debug_macro   0x0002b442      0x25f ./Drivers/STM32U5xx_HAL_Driver/Src/stm32u5xx_hal_cortex.o
 .debug_macro   0x0002b6a1      0x27b ./Drivers/STM32U5xx_HAL_Driver/Src/stm32u5xx_hal_pwr.o
 .debug_macro   0x0002b91c      0x28a ./Drivers/STM32U5xx_HAL_Driver/Src/stm32u5xx_hal_pwr_ex.o
 .debug_macro   0x0002bba6      0x365 ./Drivers/STM32U5xx_HAL_Driver/Src/stm32u5xx_hal_rcc.o
 .debug_macro   0x0002bf0b      0x383 ./Drivers/STM32U5xx_HAL_Driver/Src/stm32u5xx_hal_rcc_ex.o
 .debug_macro   0x0002c28e      0x260 ./Drivers/STM32U5xx_HAL_Driver/Src/stm32u5xx_hal_rtc.o
 .debug_macro   0x0002c4ee      0x265 ./Drivers/STM32U5xx_HAL_Driver/Src/stm32u5xx_hal_rtc_ex.o

.debug_line     0x00000000     0xc151
 .debug_line    0x00000000      0xb38 ./Core/Src/main.o
 .debug_line    0x00000b38      0x89a ./Core/Src/stm32u5xx_hal_msp.o
 .debug_line    0x000013d2      0x8f6 ./Core/Src/stm32u5xx_it.o
 .debug_line    0x00001cc8      0x94b ./Core/Src/system_stm32u5xx.o
 .debug_line    0x00002613       0x7b ./Core/Startup/startup_stm32u545retxq.o
 .debug_line    0x0000268e      0xcf0 ./Drivers/STM32U5xx_HAL_Driver/Src/stm32u5xx_hal.o
 .debug_line    0x0000337e      0xe9a ./Drivers/STM32U5xx_HAL_Driver/Src/stm32u5xx_hal_cortex.o
 .debug_line    0x00004218      0xae4 ./Drivers/STM32U5xx_HAL_Driver/Src/stm32u5xx_hal_pwr.o
 .debug_line    0x00004cfc     0x1143 ./Drivers/STM32U5xx_HAL_Driver/Src/stm32u5xx_hal_pwr_ex.o
 .debug_line    0x00005e3f     0x16d8 ./Drivers/STM32U5xx_HAL_Driver/Src/stm32u5xx_hal_rcc.o
 .debug_line    0x00007517     0x2280 ./Drivers/STM32U5xx_HAL_Driver/Src/stm32u5xx_hal_rcc_ex.o
 .debug_line    0x00009797     0x10fa ./Drivers/STM32U5xx_HAL_Driver/Src/stm32u5xx_hal_rtc.o
 .debug_line    0x0000a891     0x18c0 ./Drivers/STM32U5xx_HAL_Driver/Src/stm32u5xx_hal_rtc_ex.o

.debug_str      0x00000000   0x11b324
 .debug_str     0x00000000   0x11b324 ./Core/Src/main.o
                             0x115bce (size before relaxing)
 .debug_str     0x0011b324   0x1152e4 ./Core/Src/stm32u5xx_hal_msp.o
 .debug_str     0x0011b324   0x114bc3 ./Core/Src/stm32u5xx_it.o
 .debug_str     0x0011b324   0x114f19 ./Core/Src/system_stm32u5xx.o
 .debug_str     0x0011b324       0x83 ./Core/Startup/startup_stm32u545retxq.o
 .debug_str     0x0011b324   0x115cb8 ./Drivers/STM32U5xx_HAL_Driver/Src/stm32u5xx_hal.o
 .debug_str     0x0011b324   0x115af9 ./Drivers/STM32U5xx_HAL_Driver/Src/stm32u5xx_hal_cortex.o
 .debug_str     0x0011b324   0x11508f ./Drivers/STM32U5xx_HAL_Driver/Src/stm32u5xx_hal_pwr.o
 .debug_str     0x0011b324   0x1155b9 ./Drivers/STM32U5xx_HAL_Driver/Src/stm32u5xx_hal_pwr_ex.o
 .debug_str     0x0011b324   0x11657e ./Drivers/STM32U5xx_HAL_Driver/Src/stm32u5xx_hal_rcc.o
 .debug_str     0x0011b324   0x1176ec ./Drivers/STM32U5xx_HAL_Driver/Src/stm32u5xx_hal_rcc_ex.o
 .debug_str     0x0011b324   0x115250 ./Drivers/STM32U5xx_HAL_Driver/Src/stm32u5xx_hal_rtc.o
 .debug_str     0x0011b324   0x115d2e ./Drivers/STM32U5xx_HAL_Driver/Src/stm32u5xx_hal_rtc_ex.o

.comment        0x00000000       0x43
 .comment       0x00000000       0x43 ./Core/Src/main.o
                                 0x44 (size before relaxing)
 .comment       0x00000043       0x44 ./Core/Src/stm32u5xx_hal_msp.o
 .comment       0x00000043       0x44 ./Core/Src/stm32u5xx_it.o
 .comment       0x00000043       0x44 ./Core/Src/system_stm32u5xx.o
 .comment       0x00000043       0x44 ./Drivers/STM32U5xx_HAL_Driver/Src/stm32u5xx_hal.o
 .comment       0x00000043       0x44 ./Drivers/STM32U5xx_HAL_Driver/Src/stm32u5xx_hal_cortex.o
 .comment       0x00000043       0x44 ./Drivers/STM32U5xx_HAL_Driver/Src/stm32u5xx_hal_pwr.o
 .comment       0x00000043       0x44 ./Drivers/STM32U5xx_HAL_Driver/Src/stm32u5xx_hal_pwr_ex.o
 .comment       0x00000043       0x44 ./Drivers/STM32U5xx_HAL_Driver/Src/stm32u5xx_hal_rcc.o
 .comment       0x00000043       0x44 ./Drivers/STM32U5xx_HAL_Driver/Src/stm32u5xx_hal_rcc_ex.o
 .comment       0x00000043       0x44 ./Drivers/STM32U5xx_HAL_Driver/Src/stm32u5xx_hal_rtc.o
 .comment       0x00000043       0x44 ./Drivers/STM32U5xx_HAL_Driver/Src/stm32u5xx_hal_rtc_ex.o

.debug_frame    0x00000000     0x310c
 .debug_frame   0x00000000      0x1c8 ./Core/Src/main.o
 .debug_frame   0x000001c8       0x88 ./Core/Src/stm32u5xx_hal_msp.o
 .debug_frame   0x00000250      0x104 ./Core/Src/stm32u5xx_it.o
 .debug_frame   0x00000354       0x58 ./Core/Src/system_stm32u5xx.o
 .debug_frame   0x000003ac      0x500 ./Drivers/STM32U5xx_HAL_Driver/Src/stm32u5xx_hal.o
 .debug_frame   0x000008ac      0x560 ./Drivers/STM32U5xx_HAL_Driver/Src/stm32u5xx_hal_cortex.o
 .debug_frame   0x00000e0c      0x2ac ./Drivers/STM32U5xx_HAL_Driver/Src/stm32u5xx_hal_pwr.o
 .debug_frame   0x000010b8      0x7cc ./Drivers/STM32U5xx_HAL_Driver/Src/stm32u5xx_hal_pwr_ex.o
 .debug_frame   0x00001884      0x288 ./Drivers/STM32U5xx_HAL_Driver/Src/stm32u5xx_hal_rcc.o
 .debug_frame   0x00001b0c      0x5f4 ./Drivers/STM32U5xx_HAL_Driver/Src/stm32u5xx_hal_rcc_ex.o
 .debug_frame   0x00002100      0x3f8 ./Drivers/STM32U5xx_HAL_Driver/Src/stm32u5xx_hal_rtc.o
 .debug_frame   0x000024f8      0xbc8 ./Drivers/STM32U5xx_HAL_Driver/Src/stm32u5xx_hal_rtc_ex.o
 .debug_frame   0x000030c0       0x20 C:/ST/STM32CubeIDE_1.19.0/STM32CubeIDE/plugins/com.st.stm32cube.ide.mcu.externaltools.gnu-tools-for-stm32.13.3.rel1.win32_1.0.0.202411081344/tools/bin/../lib/gcc/arm-none-eabi/13.3.1/../../../../arm-none-eabi/lib/thumb/v8-m.main+fp/hard\libc_nano.a(libc_a-memset.o)
 .debug_frame   0x000030e0       0x2c C:/ST/STM32CubeIDE_1.19.0/STM32CubeIDE/plugins/com.st.stm32cube.ide.mcu.externaltools.gnu-tools-for-stm32.13.3.rel1.win32_1.0.0.202411081344/tools/bin/../lib/gcc/arm-none-eabi/13.3.1/../../../../arm-none-eabi/lib/thumb/v8-m.main+fp/hard\libc_nano.a(libc_a-init.o)

.debug_line_str
                0x00000000       0x67
 .debug_line_str
                0x00000000       0x67 ./Core/Startup/startup_stm32u545retxq.o
